// Vitest Snapshot v1, https://vitest.dev/guide/snapshot.html

exports[`BeerList > renders correctly 1`] = `
<div>
  <main>
    <div
      class="infinite-scroll-component__outerdiv"
    >
      <div
        class="infinite-scroll-component "
        style="height: auto; overflow: auto;"
      >
        <ul
          class="_list_ac700a"
        />
        <p
          style="text-align: center;"
        >
          <b>
            Loading...
          </b>
        </p>
      </div>
    </div>
  </main>
</div>
`;
