// Vitest Snapshot v1, https://vitest.dev/guide/snapshot.html

exports[`Logo > renders correctly 1`] = `
<div>
  <a
    class="_wrapper_4f3c83"
    href="/project2"
  >
    <img
      alt="BeerBuddy logo"
      class="_icon_4f3c83"
      src="/project2/teku.svg"
    />
    <h1
      class="_heading_4f3c83"
    >
      BeerBuddy
    </h1>
  </a>
</div>
`;
