// Vitest Snapshot v1, https://vitest.dev/guide/snapshot.html

exports[`CommentList > matches snapshot 1`] = `
<div>
  <section>
    <div
      class="_container_907aa3"
    >
      <button
        class="_commentButton_907aa3"
      >
        Comment
      </button>
    </div>
    <hr
      class="_divider_907aa3"
    />
    <div
      class="_commentListContainer_907aa3"
    >
      <ul
        class="_commentList_907aa3"
      >
        <li>
          <div
            class="_commentContainer_7a79ad"
          >
            <div
              class="_emptyProfilePic_7a79ad"
            />
            <div
              class="_commentContentContainer_7a79ad"
            >
              <div>
                <div
                  class="_commentHeader_7a79ad"
                >
                  <p
                    class="_commentAuthor_7a79ad"
                  >
                    Martin Hansa-Borg
                  </p>
                  <p
                    class="_dot_7a79ad"
                  >
                    •
                  </p>
                  <p
                    class="_commentDate_7a79ad"
                  >
                    5 days ago
                  </p>
                </div>
              </div>
              <p
                class="_commentText_7a79ad"
              >
                Lorem ipsum dolor sit amet, consectetur adipiscing elit. Nulla cursus sem diam, eget consectetur quam interdum eu. Aliquam ornare lectus vel sapien blandit eleifend. Aenean ac vestibulum metus. Nam auctor sed dui dapibus pharetra.
              </p>
            </div>
          </div>
        </li>
        <li>
          <div
            class="_commentContainer_7a79ad"
          >
            <div
              class="_emptyProfilePic_7a79ad"
            />
            <div
              class="_commentContentContainer_7a79ad"
            >
              <div>
                <div
                  class="_commentHeader_7a79ad"
                >
                  <p
                    class="_commentAuthor_7a79ad"
                  >
                    Martin Hansa-Borg
                  </p>
                  <p
                    class="_dot_7a79ad"
                  >
                    •
                  </p>
                  <p
                    class="_commentDate_7a79ad"
                  >
                    5 days ago
                  </p>
                </div>
              </div>
              <p
                class="_commentText_7a79ad"
              >
                Lorem ipsum dolor sit amet, consectetur adipiscing elit. Nulla cursus sem diam, eget consectetur quam interdum eu. Aliquam ornare lectus vel sapien blandit eleifend. Aenean ac vestibulum metus. Nam auctor sed dui dapibus pharetra.
              </p>
            </div>
          </div>
        </li>
        <li>
          <div
            class="_commentContainer_7a79ad"
          >
            <div
              class="_emptyProfilePic_7a79ad"
            />
            <div
              class="_commentContentContainer_7a79ad"
            >
              <div>
                <div
                  class="_commentHeader_7a79ad"
                >
                  <p
                    class="_commentAuthor_7a79ad"
                  >
                    Martin Hansa-Borg
                  </p>
                  <p
                    class="_dot_7a79ad"
                  >
                    •
                  </p>
                  <p
                    class="_commentDate_7a79ad"
                  >
                    5 days ago
                  </p>
                </div>
              </div>
              <p
                class="_commentText_7a79ad"
              >
                Lorem ipsum dolor sit amet, consectetur adipiscing elit. Nulla cursus sem diam, eget consectetur quam interdum eu. Aliquam ornare lectus vel sapien blandit eleifend. Aenean ac vestibulum metus. Nam auctor sed dui dapibus pharetra.
              </p>
            </div>
          </div>
        </li>
        <li>
          <div
            class="_commentContainer_7a79ad"
          >
            <div
              class="_emptyProfilePic_7a79ad"
            />
            <div
              class="_commentContentContainer_7a79ad"
            >
              <div>
                <div
                  class="_commentHeader_7a79ad"
                >
                  <p
                    class="_commentAuthor_7a79ad"
                  >
                    Martin Hansa-Borg
                  </p>
                  <p
                    class="_dot_7a79ad"
                  >
                    •
                  </p>
                  <p
                    class="_commentDate_7a79ad"
                  >
                    5 days ago
                  </p>
                </div>
              </div>
              <p
                class="_commentText_7a79ad"
              >
                Lorem ipsum dolor sit amet, consectetur adipiscing elit. Nulla cursus sem diam, eget consectetur quam interdum eu. Aliquam ornare lectus vel sapien blandit eleifend. Aenean ac vestibulum metus. Nam auctor sed dui dapibus pharetra.
              </p>
            </div>
          </div>
        </li>
        <li>
          <div
            class="_commentContainer_7a79ad"
          >
            <div
              class="_emptyProfilePic_7a79ad"
            />
            <div
              class="_commentContentContainer_7a79ad"
            >
              <div>
                <div
                  class="_commentHeader_7a79ad"
                >
                  <p
                    class="_commentAuthor_7a79ad"
                  >
                    Martin Hansa-Borg
                  </p>
                  <p
                    class="_dot_7a79ad"
                  >
                    •
                  </p>
                  <p
                    class="_commentDate_7a79ad"
                  >
                    5 days ago
                  </p>
                </div>
              </div>
              <p
                class="_commentText_7a79ad"
              >
                Lorem ipsum dolor sit amet, consectetur adipiscing elit. Nulla cursus sem diam, eget consectetur quam interdum eu. Aliquam ornare lectus vel sapien blandit eleifend. Aenean ac vestibulum metus. Nam auctor sed dui dapibus pharetra.
              </p>
            </div>
          </div>
        </li>
        <li>
          <div
            class="_commentContainer_7a79ad"
          >
            <div
              class="_emptyProfilePic_7a79ad"
            />
            <div
              class="_commentContentContainer_7a79ad"
            >
              <div>
                <div
                  class="_commentHeader_7a79ad"
                >
                  <p
                    class="_commentAuthor_7a79ad"
                  >
                    Martin Hansa-Borg
                  </p>
                  <p
                    class="_dot_7a79ad"
                  >
                    •
                  </p>
                  <p
                    class="_commentDate_7a79ad"
                  >
                    5 days ago
                  </p>
                </div>
              </div>
              <p
                class="_commentText_7a79ad"
              >
                Lorem ipsum dolor sit amet, consectetur adipiscing elit. Nulla cursus sem diam, eget consectetur quam interdum eu. Aliquam ornare lectus vel sapien blandit eleifend. Aenean ac vestibulum metus. Nam auctor sed dui dapibus pharetra.
              </p>
            </div>
          </div>
        </li>
      </ul>
    </div>
  </section>
</div>
`;
