// Vitest Snapshot v1, https://vitest.dev/guide/snapshot.html

exports[`CommentBar > should match snapshot 1`] = `
<div>
  <div
    class="_wrapper_18a6db"
  >
    <div
      class="_divider_18a6db"
    />
    <section
      class="_container_18a6db"
    >
      <div
        class="_labelContainer_18a6db"
      >
        <label
          for=":r0:"
        >
          Comment
        </label>
        <input
          class="ant-input css-dev-only-do-not-override-pr0fja _inputField_18a6db"
          id=":r0:"
          placeholder="Best beer ever!"
          type="text"
          value=""
        />
      </div>
      <button
        class="ant-btn css-dev-only-do-not-override-pr0fja ant-btn-primary _submitButton_18a6db"
        type="button"
      >
        <span>
          Comment
        </span>
      </button>
    </section>
  </div>
</div>
`;
