// Vitest Snapshot v1, https://vitest.dev/guide/snapshot.html

exports[`UserIntro > renders correctly 1`] = `
<div>
  <header
    aria-label="User intro"
    class="_headingWrapper_95bd34"
  >
    <h1
      class="_heading_95bd34"
    >
      <b>
        Welcome
      </b>
      , 
      Erik
    </h1>
    <img
      alt="Beer clinking Emoji"
      class="_emoji_95bd34"
      src="/project2/beerEmoji.svg"
    />
  </header>
  <hr
    class="_separator_95bd34"
  />
</div>
`;
